// Vitest Snapshot v1, https://vitest.dev/guide/snapshot.html

exports[`retry failures > should succeed after multiple failures within the configured limit 1`] = `
{
  "requestId": ArrayBuffer [],
  "response": {
    "body": null,
    "headers": [],
    "ok": true,
    "status": 200,
    "statusText": "success!",
  },
}
`;
